C:\krl_java\classview\ClassView.cpp                                                            12/22/96 20:35:48     Page     1
                                      * * * * *   P R O L O G   * * * * *

 Compiler . . . . . . . . . . . . : IBM VisualAge C++ for OS/2, Version 3
 Command options:
    Compiler mode . . . . . . . . : C++
    Program name. . . . . . . . . : C:\krl_java\classview\ClassView.cpp
    Listing name. . . . . . . . . : ClassView.lst
    Compiler options. . . . . . . : /C-  /Fa- /Fc- /Fd- /Fi- /Fl- /Fm- /Fo+ /Fs- /Fw- /Ga- /Gb- /Gd- /Ge+ /Gf- /Gh- /Gi- /Gk- 
                                  : /Gl- /Gm- /Gn- /Go- /Gp- /Gr- /Gs- /Gt- /Gu- /Gw- /Gx- /Gz- /J+  /L-  /La+ /Lb- /Le- /Lf- 
                                  : /Li- /Lj- /Ls- /Lx- /Ly- /O-  /Oc- /Ol- /Om- /Op+ /Os- /P-  /Pc- /Pd- /Pe- /Q-  /Sd- /Sh- 
                                  : /Si- /Sm- /Sn- /Sr- /Ss- /Sv- /Ti- /Tm- /Tn- /Tx- /Xc- /Xi- 
                                  : /Wcls- /Wcmp- /Wcnd+ /Wcns- /Wcnv- /Wcpy- /Wdcl- /Weff- /Wenu- /Wext- /Wgen- /Wgnr- /Wgot- 
                                  : /Wini- /Winl- /Wlan- /Wobs- /Word- /Wpar- /Wpor- /Wppc- /Wppt- /Wpro- /Wrea- /Wret+ /Wtrd- 
                                  : /Wtru- /Wund- /Wuni- /Wuse- /Wvft- 
                                  : /Mp  /Re  /Se  /Sp4  /G3  /W3  /H255  /Lp66  /N  /Oi0  /Su- /Fb- /Eo
                                  : 
                                  : /I  
                                  : /Lt
                                  : /Lu
                                  : /B
                                  : /V
                                  : /Ft tempinc
C:\krl_java\classview\ClassView.cpp                                                            12/22/96 20:35:48     Page     2
C:\krl_java\classview\ClassView.cpp                                                            12/22/96 20:35:48     Page     3
                                  * * * * *   S T R U C T U R E   M A P S   * * * * *

===================================================================================================================================
| Aggregate map for:    struct __file                                                           Total Size:   28 bytes            |
|=================================================================================================================================|
|      Offset       |      Length       | Member Name                                                                             |
|    Bytes(Bits)    |    Bytes(Bits)    |                                                                                         |
|===================|===================|=========================================================================================|
|       0           |       4           |  _bufPtr                                                                                |
|       4           |       4           |  _count                                                                                 |
|       8           |       4           |  _userFlags                                                                             |
|      12           |       4           |  _bufLen                                                                                |
|      16           |       4           |  _ungetCount                                                                            |
|      20           |       4           |  _tempStore                                                                             |
|      24           |       2           |  _ungetBuf                                                                              |
|      26           |       1           |  _lastOp                                                                                |
|      27           |       1           |  _filler                                                                                |
===================================================================================================================================

===================================================================================================================================
| Aggregate map for:    __file FILE                                                             Total Size:   28 bytes            |
|=================================================================================================================================|
|      Offset       |      Length       | Member Name                                                                             |
|    Bytes(Bits)    |    Bytes(Bits)    |                                                                                         |
|===================|===================|=========================================================================================|
===================================================================================================================================

===================================================================================================================================
| Aggregate map for:    struct __fpos_t                                                         Total Size:    8 bytes            |
|=================================================================================================================================|
|      Offset       |      Length       | Member Name                                                                             |
|    Bytes(Bits)    |    Bytes(Bits)    |                                                                                         |
|===================|===================|=========================================================================================|
|       0           |       8           |  __fpos_elem                                                                            |
===================================================================================================================================

===================================================================================================================================
| Aggregate map for:  __fpos_t fpos_t                                                           Total Size:    8 bytes            |
|=================================================================================================================================|
|      Offset       |      Length       | Member Name                                                                             |
|    Bytes(Bits)    |    Bytes(Bits)    |                                                                                         |
|===================|===================|=========================================================================================|
===================================================================================================================================

===================================================================================================================================
| Aggregate map for:    struct stat                                                             Total Size:   32 bytes            |
|=================================================================================================================================|
|      Offset       |      Length       | Member Name                                                                             |
|    Bytes(Bits)    |    Bytes(Bits)    |                                                                                         |
|===================|===================|=========================================================================================|
|       0           |       2           |  st_dev                                                                                 |
|       2           |       2           |  st_ino                                                                                 |
|       4           |       2           |  st_mode                                                                                |
|       6           |       2           |  st_nlink                                                                               |
|       8           |       2           |  st_uid                                                                                 |
|      10           |       2           |  st_gid                                                                                 |
|      12           |       2           |  st_rdev                                                                                |
|      14           |       2           |  __filler                                                                               |
|      16           |       4           |  st_size                                                                                |
|      20           |       4           |  st_atime                                                                               |
|      24           |       4           |  st_mtime                                                                               |
|      28           |       4           |  st_ctime                                                                               |
===================================================================================================================================

===================================================================================================================================
C:\krl_java\classview\ClassView.cpp                                                            12/22/96 20:35:48     Page     4
                                  * * * * *   S T R U C T U R E   M A P S   * * * * *

| Aggregate map for:    struct _ClassData                                                       Total Size:    8 bytes            |
|=================================================================================================================================|
|      Offset       |      Length       | Member Name                                                                             |
|    Bytes(Bits)    |    Bytes(Bits)    |                                                                                         |
|===================|===================|=========================================================================================|
|       0           |       4           |  magic                                                                                  |
|       4           |       2           |  major                                                                                  |
|       6           |       2           |  minor                                                                                  |
===================================================================================================================================

===================================================================================================================================
| Aggregate map for: _ClassData ClassData                                                        Total Size:    8 bytes            |
|=================================================================================================================================|
|      Offset       |      Length       | Member Name                                                                             |
|    Bytes(Bits)    |    Bytes(Bits)    |                                                                                         |
|===================|===================|=========================================================================================|
===================================================================================================================================

===================================================================================================================================
| Aggregate map for:     class ClassView                                                        Total Size:    8 bytes            |
|=================================================================================================================================|
|      Offset       |      Length       | Member Name                                                                             |
|    Bytes(Bits)    |    Bytes(Bits)    |                                                                                         |
|===================|===================|=========================================================================================|
|       0           |       4           |  pData                                                                                  |
|       4           |       4           |  cd                                                                                     |
===================================================================================================================================

===================================================================================================================================
| Aggregate map for:     class SOMObject                                                        Total Size:    0 bytes            |
|=================================================================================================================================|
|      Offset       |      Length       | Member Name                                                                             |
|    Bytes(Bits)    |    Bytes(Bits)    |                                                                                         |
|===================|===================|=========================================================================================|
===================================================================================================================================

                           * * * * *   E N D   O F   S T R U C T U R E   M A P S   * * * * *
C:\krl_java\classview\ClassView.cpp                                                            12/22/96 20:35:48     Page     5
                             * * * * *   M E S S A G E   S U M M A R Y   * * * * *

        Total            Informational(00)          Warning(10)          Error(30)            Severe Error(40)

          3                    0                        3                   0                        0

                        * * * * *   E N D   O F   M E S S A G E   S U M M A R Y   * * * * *


                                   * * * * *   M E S S A G E S   * * * * *
MSG ID      SEV     TEXT
                           <FILE NO>:<FILE LINE NO>
EDC3331     10      Return value of type "%1" is expected.
                    ( 0:13, 0:18, 0:23 )

                             * * * * *   E N D   O F   C O M P I L A T I O N   * * * * *